2026-08-29T14:00:38	ascii	0	4	--check		check
2026-08-29T14:00:38	presupuesto	1	6			check
2026-08-29T14:00:38	test	1	105			check
2026-08-29T14:00:40	spell	1	2003			check
2026-08-29T14:00:40	check	1	2075	--todos		cierre
2026-08-29T14:00:40	cierre	1	2142			
2026-08-29T14:01:00	doctor	0	12			
2026-08-29T14:01:22	doctor	0	8			
2026-08-29T14:01:22	test	1	127			
2026-08-29T14:02:46	test	1	112			
2026-08-29T14:03:11	test	0	103			
2026-08-29T14:03:34	presupuesto	1	6			check
2026-08-29T14:03:34	ascii	0	7	--check		check
2026-08-29T14:03:34	test	0	97			check
2026-08-29T14:03:35	spell	1	1397			check
2026-08-29T14:03:35	check	1	1462	--todos		
2026-08-29T14:03:48	spell	1	1191			
2026-08-29T14:03:55	presupuesto	1	5			check
2026-08-29T14:03:55	ascii	0	7	--check		check
2026-08-29T14:03:55	test	0	88			check
2026-08-29T14:03:56	spell	0	1217			check
2026-08-29T14:03:56	check	1	1264	--todos		
2026-08-29T14:04:01	ascii	0	7			
2026-08-29T14:04:01	ascii	0	9	--fix		
2026-08-29T14:04:01	presupuesto	1	6			check
2026-08-29T14:04:01	ascii	0	7	--check		check
2026-08-29T14:04:01	test	0	96			check
2026-08-29T14:04:02	spell	0	1170			check
2026-08-29T14:04:02	check	1	1233	--todos		
2026-08-29T14:04:08	presupuesto	1	5			check
2026-08-29T14:04:08	ascii	0	8	--check		check
2026-08-29T14:04:08	test	0	96			check
2026-08-29T14:04:09	spell	0	1193			check
2026-08-29T14:04:09	check	1	1253	--todos		
2026-08-29T14:04:09	presupuesto	1	6			
2026-08-29T14:04:58	presupuesto	1	6			check
2026-08-29T14:04:58	ascii	0	4	--check		check
2026-08-29T14:04:58	test	0	90			check
2026-08-29T14:04:59	spell	0	1505			check
2026-08-29T14:04:59	check	1	1560	--todos		cierre
2026-08-29T14:04:59	cierre	1	1629			
2026-08-29T14:05:45	presupuesto	1	9			
2026-08-29T14:05:45	presupuesto	1	6			check
2026-08-29T14:05:45	ascii	0	5	--check		check
2026-08-29T14:05:45	test	0	89			check
2026-08-29T14:05:47	spell	1	1773			check
2026-08-29T14:05:47	check	1	1835	--todos		cierre
2026-08-29T14:05:47	cierre	1	1888			
2026-08-29T14:06:11	presupuesto	1	6			
2026-08-29T14:06:34	presupuesto	1	8			
2026-08-29T14:07:01	presupuesto	1	8			
2026-08-29T14:07:18	presupuesto	1	6			
2026-08-29T14:07:42	presupuesto	1	7			
2026-08-29T14:08:00	presupuesto	1	11			
2026-08-29T14:08:20	presupuesto	1	8			
2026-08-29T14:08:45	presupuesto	1	8			
2026-08-29T14:08:52	presupuesto	0	11			
2026-08-29T14:08:52	presupuesto	0	6			check
2026-08-29T14:08:52	ascii	0	9	--check		check
2026-08-29T14:08:52	test	0	89			check
2026-08-29T14:08:54	spell	1	1455			check
2026-08-29T14:08:54	check	1	1512	--todos		
2026-08-29T14:09:05	spell	1	1203			
2026-08-29T14:09:06	spell	1	1367			
2026-08-29T14:09:07	presupuesto	0	5			check
2026-08-29T14:09:07	ascii	0	8	--check		check
2026-08-29T14:09:07	test	0	97			check
2026-08-29T14:09:08	spell	0	1161			check
2026-08-29T14:09:08	check	0	1222	--todos		
2026-08-29T14:09:14	doctor	0	12			
2026-08-29T14:09:14	presupuesto	0	6			check
2026-08-29T14:09:14	ascii	0	9	--check		check
2026-08-29T14:09:14	test	0	88			check
2026-08-29T14:09:15	spell	0	1175			check
2026-08-29T14:09:15	check	0	1224	--todos		cierre
2026-08-29T14:09:15	cierre	1	1280			
2026-08-29T14:09:20	presupuesto	0	8			check
2026-08-29T14:09:20	ascii	0	8	--check		check
2026-08-29T14:09:20	test	0	95			check
2026-08-29T14:09:21	spell	0	1177			check
2026-08-29T14:09:21	check	0	1231	--todos		cierre
2026-08-29T14:09:21	cierre	1	1284			
2026-08-29T14:09:27	ascii	0	3	--check		check
2026-08-29T14:09:27	presupuesto	0	5			check
2026-08-29T14:09:27	test	0	102			check
2026-08-29T14:09:28	spell	0	1195			check
2026-08-29T14:09:28	check	0	1261	--todos		cierre
2026-08-29T14:09:28	cierre	1	1328			
2026-08-29T14:09:48	ascii	0	4	--check		check
2026-08-29T14:09:48	presupuesto	0	7			check
2026-08-29T14:09:48	test	0	92			check
2026-08-29T14:09:50	spell	0	1476			check
2026-08-29T14:09:50	check	0	1530	--todos		cierre
2026-08-29T14:09:50	cierre	1	1580			
2026-08-29T14:10:19	ascii	0	7	--check		check
2026-08-29T14:10:19	presupuesto	1	6			check
2026-08-29T14:10:19	test	0	95			check
2026-08-29T14:10:20	spell	1	1477			check
2026-08-29T14:10:20	check	1	1529	--todos		
2026-08-29T14:10:26	presupuesto	1	5			check
2026-08-29T14:10:26	ascii	0	7	--check		check
2026-08-29T14:10:26	test	0	95			check
2026-08-29T14:10:27	spell	1	1195			check
2026-08-29T14:10:27	check	1	1253	--todos		
2026-08-29T14:10:28	spell	1	1334			
2026-08-29T14:10:34	presupuesto	1	5			
2026-08-29T14:10:39	presupuesto	1	6			
2026-08-29T14:11:04	test	0	114			
2026-08-29T14:11:04	presupuesto	1	6			
2026-08-29T14:11:53	presupuesto	1	6			check
2026-08-29T14:11:53	ascii	0	6	--check		check
2026-08-29T14:11:53	test	0	91			check
2026-08-29T14:11:55	spell	0	2090			check
2026-08-29T14:11:55	check	1	2148	--todos		
2026-08-29T14:11:55	ascii	0	4	--check		check
2026-08-29T14:11:55	presupuesto	1	7			check
2026-08-29T14:11:55	test	0	94			check
2026-08-29T14:11:56	spell	0	1158			check
2026-08-29T14:11:56	check	1	1221	--todos		cierre
2026-08-29T14:11:56	cierre	1	1287			
